npm error code ERESOLVE
npm error ERESOLVE could not resolve
npm error
npm error While resolving: @adminjs/design-system@4.1.1
npm error Found: react@19.2.6
npm error node_modules/react
npm error   peer react@">=18.0.0" from @ark-ui/react@5.36.2
npm error   node_modules/@ark-ui/react
npm error     @ark-ui/react@"5.36.2" from @chakra-ui/react@3.35.0
npm error     node_modules/@chakra-ui/react
npm error       @chakra-ui/react@"3.35.0" from the root project
npm error   peer react@">=18" from @chakra-ui/react@3.35.0
npm error   node_modules/@chakra-ui/react
npm error     @chakra-ui/react@"3.35.0" from the root project
npm error   36 more (@emotion/react, ...)
npm error
npm error Could not resolve dependency:
npm error peer react@"^18.1.0" from @adminjs/design-system@4.1.1
npm error node_modules/@adminjs/design-system
npm error   @adminjs/design-system@"^4.1.0" from adminjs@7.8.17
npm error   node_modules/adminjs
npm error     peer adminjs@"^7.4.0" from @adminjs/express@6.1.1
npm error     node_modules/@adminjs/express
npm error       @adminjs/express@"6.1.1" from the root project
npm error     2 more (@adminjs/prisma, the root project)
npm error   @adminjs/design-system@"^4.1.1" from the root project
npm error
npm error Conflicting peer dependency: react@18.3.1
npm error node_modules/react
npm error   peer react@"^18.1.0" from @adminjs/design-system@4.1.1
npm error   node_modules/@adminjs/design-system
npm error     @adminjs/design-system@"^4.1.0" from adminjs@7.8.17
npm error     node_modules/adminjs
npm error       peer adminjs@"^7.4.0" from @adminjs/express@6.1.1
npm error       node_modules/@adminjs/express
npm error         @adminjs/express@"6.1.1" from the root project
npm error       2 more (@adminjs/prisma, the root project)
npm error     @adminjs/design-system@"^4.1.1" from the root project
npm error
npm error Fix the upstream dependency conflict, or retry
npm error this command with --force or --legacy-peer-deps
npm error to accept an incorrect (and potentially broken) dependency resolution.
npm error
npm error
npm error For a full report see:
npm error /Users/romanonyshchenko/.npm/_logs/2026-06-23T18_31_48_495Z-eresolve-report.txt
npm error A complete log of this run can be found in: /Users/romanonyshchenko/.npm/_logs/2026-06-23T18_31_48_495Z-debug-0.log
